Archive member included to satisfy reference by file (symbol)

/opt/st/stm32cubeide_1.3.0/plugins/com.st.stm32cube.ide.mcu.externaltools.gnu-tools-for-stm32.7-2018-q2-update.linux64_1.0.0.201904181610/tools/bin/../lib/gcc/arm-none-eabi/7.3.1/../../../../arm-none-eabi/lib/thumb/v6-m/libc_nano.a(lib_a-errno.o)
                              Core/Src/syscalls.o (__errno)
/opt/st/stm32cubeide_1.3.0/plugins/com.st.stm32cube.ide.mcu.externaltools.gnu-tools-for-stm32.7-2018-q2-update.linux64_1.0.0.201904181610/tools/bin/../lib/gcc/arm-none-eabi/7.3.1/../../../../arm-none-eabi/lib/thumb/v6-m/libc_nano.a(lib_a-exit.o)
                              /opt/st/stm32cubeide_1.3.0/plugins/com.st.stm32cube.ide.mcu.externaltools.gnu-tools-for-stm32.7-2018-q2-update.linux64_1.0.0.201904181610/tools/bin/../lib/gcc/arm-none-eabi/7.3.1/../../../../arm-none-eabi/lib/thumb/v6-m/crt0.o (exit)
/opt/st/stm32cubeide_1.3.0/plugins/com.st.stm32cube.ide.mcu.externaltools.gnu-tools-for-stm32.7-2018-q2-update.linux64_1.0.0.201904181610/tools/bin/../lib/gcc/arm-none-eabi/7.3.1/../../../../arm-none-eabi/lib/thumb/v6-m/libc_nano.a(lib_a-impure.o)
                              /opt/st/stm32cubeide_1.3.0/plugins/com.st.stm32cube.ide.mcu.externaltools.gnu-tools-for-stm32.7-2018-q2-update.linux64_1.0.0.201904181610/tools/bin/../lib/gcc/arm-none-eabi/7.3.1/../../../../arm-none-eabi/lib/thumb/v6-m/libc_nano.a(lib_a-exit.o) (_global_impure_ptr)
/opt/st/stm32cubeide_1.3.0/plugins/com.st.stm32cube.ide.mcu.externaltools.gnu-tools-for-stm32.7-2018-q2-update.linux64_1.0.0.201904181610/tools/bin/../lib/gcc/arm-none-eabi/7.3.1/../../../../arm-none-eabi/lib/thumb/v6-m/libc_nano.a(lib_a-init.o)
                              /opt/st/stm32cubeide_1.3.0/plugins/com.st.stm32cube.ide.mcu.externaltools.gnu-tools-for-stm32.7-2018-q2-update.linux64_1.0.0.201904181610/tools/bin/../lib/gcc/arm-none-eabi/7.3.1/../../../../arm-none-eabi/lib/thumb/v6-m/crt0.o (__libc_init_array)
/opt/st/stm32cubeide_1.3.0/plugins/com.st.stm32cube.ide.mcu.externaltools.gnu-tools-for-stm32.7-2018-q2-update.linux64_1.0.0.201904181610/tools/bin/../lib/gcc/arm-none-eabi/7.3.1/../../../../arm-none-eabi/lib/thumb/v6-m/libc_nano.a(lib_a-memset.o)
                              /opt/st/stm32cubeide_1.3.0/plugins/com.st.stm32cube.ide.mcu.externaltools.gnu-tools-for-stm32.7-2018-q2-update.linux64_1.0.0.201904181610/tools/bin/../lib/gcc/arm-none-eabi/7.3.1/../../../../arm-none-eabi/lib/thumb/v6-m/crt0.o (memset)
/opt/st/stm32cubeide_1.3.0/plugins/com.st.stm32cube.ide.mcu.externaltools.gnu-tools-for-stm32.7-2018-q2-update.linux64_1.0.0.201904181610/tools/bin/../lib/gcc/arm-none-eabi/7.3.1/thumb/v6-m/libgcc.a(_udivsi3.o)
                              Core/Src/system_stm32l0xx.o (__aeabi_uidiv)
/opt/st/stm32cubeide_1.3.0/plugins/com.st.stm32cube.ide.mcu.externaltools.gnu-tools-for-stm32.7-2018-q2-update.linux64_1.0.0.201904181610/tools/bin/../lib/gcc/arm-none-eabi/7.3.1/thumb/v6-m/libgcc.a(_dvmd_tls.o)
                              /opt/st/stm32cubeide_1.3.0/plugins/com.st.stm32cube.ide.mcu.externaltools.gnu-tools-for-stm32.7-2018-q2-update.linux64_1.0.0.201904181610/tools/bin/../lib/gcc/arm-none-eabi/7.3.1/thumb/v6-m/libgcc.a(_udivsi3.o) (__aeabi_idiv0)
/opt/st/stm32cubeide_1.3.0/plugins/com.st.stm32cube.ide.mcu.externaltools.gnu-tools-for-stm32.7-2018-q2-update.linux64_1.0.0.201904181610/tools/bin/../lib/gcc/arm-none-eabi/7.3.1/thumb/v6-m/libgcc.a(divsf3.o)
                              Core/Src/main.o (__aeabi_fdiv)
/opt/st/stm32cubeide_1.3.0/plugins/com.st.stm32cube.ide.mcu.externaltools.gnu-tools-for-stm32.7-2018-q2-update.linux64_1.0.0.201904181610/tools/bin/../lib/gcc/arm-none-eabi/7.3.1/thumb/v6-m/libgcc.a(adddf3.o)
                              Core/Src/main.o (__aeabi_dadd)
/opt/st/stm32cubeide_1.3.0/plugins/com.st.stm32cube.ide.mcu.externaltools.gnu-tools-for-stm32.7-2018-q2-update.linux64_1.0.0.201904181610/tools/bin/../lib/gcc/arm-none-eabi/7.3.1/thumb/v6-m/libgcc.a(divdf3.o)
                              Core/Src/main.o (__aeabi_ddiv)
/opt/st/stm32cubeide_1.3.0/plugins/com.st.stm32cube.ide.mcu.externaltools.gnu-tools-for-stm32.7-2018-q2-update.linux64_1.0.0.201904181610/tools/bin/../lib/gcc/arm-none-eabi/7.3.1/thumb/v6-m/libgcc.a(floatsidf.o)
                              Core/Src/main.o (__aeabi_i2d)
/opt/st/stm32cubeide_1.3.0/plugins/com.st.stm32cube.ide.mcu.externaltools.gnu-tools-for-stm32.7-2018-q2-update.linux64_1.0.0.201904181610/tools/bin/../lib/gcc/arm-none-eabi/7.3.1/thumb/v6-m/libgcc.a(extendsfdf2.o)
                              Core/Src/main.o (__aeabi_f2d)
/opt/st/stm32cubeide_1.3.0/plugins/com.st.stm32cube.ide.mcu.externaltools.gnu-tools-for-stm32.7-2018-q2-update.linux64_1.0.0.201904181610/tools/bin/../lib/gcc/arm-none-eabi/7.3.1/thumb/v6-m/libgcc.a(truncdfsf2.o)
                              Core/Src/main.o (__aeabi_d2f)
[...]
Memory Configuration

Name             Origin             Length             Attributes
RAM              0x0000000020000000 0x0000000000005000 xrw
FLASH            0x0000000008000000 0x0000000000020000 xr
*default*        0x0000000000000000 0xffffffffffffffff

Linker script and memory map

LOAD /opt/st/stm32cubeide_1.3.0/plugins/com.st.stm32cube.ide.mcu.externaltools.gnu-tools-for-stm32.7-2018-q2-update.linux64_1.0.0.201904181610/tools/bin/../lib/gcc/arm-none-eabi/7.3.1/thumb/v6-m/crti.o
LOAD /opt/st/stm32cubeide_1.3.0/plugins/com.st.stm32cube.ide.mcu.externaltools.gnu-tools-for-stm32.7-2018-q2-update.linux64_1.0.0.201904181610/tools/bin/../lib/gcc/arm-none-eabi/7.3.1/thumb/v6-m/crtbegin.o
LOAD /opt/st/stm32cubeide_1.3.0/plugins/com.st.stm32cube.ide.mcu.externaltools.gnu-tools-for-stm32.7-2018-q2-update.linux64_1.0.0.201904181610/tools/bin/../lib/gcc/arm-none-eabi/7.3.1/../../../../arm-none-eabi/lib/thumb/v6-m/crt0.o
LOAD Core/Src/main.o
LOAD Core/Src/stm32l0xx_hal_msp.o
LOAD Core/Src/stm32l0xx_it.o
LOAD Core/Src/syscalls.o
LOAD Core/Src/sysmem.o
LOAD Core/Src/system_stm32l0xx.o
LOAD Core/Startup/startup_stm32l010rbtx.o
LOAD Drivers/STM32L0xx_HAL_Driver/Src/stm32l0xx_hal.o
LOAD Drivers/STM32L0xx_HAL_Driver/Src/stm32l0xx_hal_cortex.o
LOAD Drivers/STM32L0xx_HAL_Driver/Src/stm32l0xx_hal_dma.o
LOAD Drivers/STM32L0xx_HAL_Driver/Src/stm32l0xx_hal_flash.o
LOAD Drivers/STM32L0xx_HAL_Driver/Src/stm32l0xx_hal_flash_ex.o
LOAD Drivers/STM32L0xx_HAL_Driver/Src/stm32l0xx_hal_flash_ramfunc.o
LOAD Drivers/STM32L0xx_HAL_Driver/Src/stm32l0xx_hal_gpio.o
LOAD Drivers/STM32L0xx_HAL_Driver/Src/stm32l0xx_hal_i2c.o
LOAD Drivers/STM32L0xx_HAL_Driver/Src/stm32l0xx_hal_i2c_ex.o
LOAD Drivers/STM32L0xx_HAL_Driver/Src/stm32l0xx_hal_pwr.o
LOAD Drivers/STM32L0xx_HAL_Driver/Src/stm32l0xx_hal_pwr_ex.o
LOAD Drivers/STM32L0xx_HAL_Driver/Src/stm32l0xx_hal_rcc.o
LOAD Drivers/STM32L0xx_HAL_Driver/Src/stm32l0xx_hal_rcc_ex.o
LOAD Drivers/STM32L0xx_HAL_Driver/Src/stm32l0xx_hal_tim.o
LOAD Drivers/STM32L0xx_HAL_Driver/Src/stm32l0xx_hal_tim_ex.o
START GROUP
LOAD /opt/st/stm32cubeide_1.3.0/plugins/com.st.stm32cube.ide.mcu.externaltools.gnu-tools-for-stm32.7-2018-q2-update.linux64_1.0.0.201904181610/tools/bin/../lib/gcc/arm-none-eabi/7.3.1/../../../../arm-none-eabi/lib/thumb/v6-m/libc_nano.a
LOAD /opt/st/stm32cubeide_1.3.0/plugins/com.st.stm32cube.ide.mcu.externaltools.gnu-tools-for-stm32.7-2018-q2-update.linux64_1.0.0.201904181610/tools/bin/../lib/gcc/arm-none-eabi/7.3.1/../../../../arm-none-eabi/lib/thumb/v6-m/libm.a
END GROUP
START GROUP
LOAD /opt/st/stm32cubeide_1.3.0/plugins/com.st.stm32cube.ide.mcu.externaltools.gnu-tools-for-stm32.7-2018-q2-update.linux64_1.0.0.201904181610/tools/bin/../lib/gcc/arm-none-eabi/7.3.1/thumb/v6-m/libgcc.a
LOAD /opt/st/stm32cubeide_1.3.0/plugins/com.st.stm32cube.ide.mcu.externaltools.gnu-tools-for-stm32.7-2018-q2-update.linux64_1.0.0.201904181610/tools/bin/../lib/gcc/arm-none-eabi/7.3.1/../../../../arm-none-eabi/lib/thumb/v6-m/libc_nano.a
END GROUP
START GROUP
LOAD /opt/st/stm32cubeide_1.3.0/plugins/com.st.stm32cube.ide.mcu.externaltools.gnu-tools-for-stm32.7-2018-q2-update.linux64_1.0.0.201904181610/tools/bin/../lib/gcc/arm-none-eabi/7.3.1/thumb/v6-m/libgcc.a
LOAD /opt/st/stm32cubeide_1.3.0/plugins/com.st.stm32cube.ide.mcu.externaltools.gnu-tools-for-stm32.7-2018-q2-update.linux64_1.0.0.201904181610/tools/bin/../lib/gcc/arm-none-eabi/7.3.1/../../../../arm-none-eabi/lib/thumb/v6-m/libc_nano.a
LOAD /opt/st/stm32cubeide_1.3.0/plugins/com.st.stm32cube.ide.mcu.externaltools.gnu-tools-for-stm32.7-2018-q2-update.linux64_1.0.0.201904181610/tools/bin/../lib/gcc/arm-none-eabi/7.3.1/../../../../arm-none-eabi/lib/thumb/v6-m/libnosys.a
END GROUP
START GROUP
LOAD /opt/st/stm32cubeide_1.3.0/plugins/com.st.stm32cube.ide.mcu.externaltools.gnu-tools-for-stm32.7-2018-q2-update.linux64_1.0.0.201904181610/tools/bin/../lib/gcc/arm-none-eabi/7.3.1/thumb/v6-m/libgcc.a
LOAD /opt/st/stm32cubeide_1.3.0/plugins/com.st.stm32cube.ide.mcu.externaltools.gnu-tools-for-stm32.7-2018-q2-update.linux64_1.0.0.201904181610/tools/bin/../lib/gcc/arm-none-eabi/7.3.1/../../../../arm-none-eabi/lib/thumb/v6-m/libc_nano.a
LOAD /opt/st/stm32cubeide_1.3.0/plugins/com.st.stm32cube.ide.mcu.externaltools.gnu-tools-for-stm32.7-2018-q2-update.linux64_1.0.0.201904181610/tools/bin/../lib/gcc/arm-none-eabi/7.3.1/../../../../arm-none-eabi/lib/thumb/v6-m/libnosys.a
END GROUP
LOAD /opt/st/stm32cubeide_1.3.0/plugins/com.st.stm32cube.ide.mcu.externaltools.gnu-tools-for-stm32.7-2018-q2-update.linux64_1.0.0.201904181610/tools/bin/../lib/gcc/arm-none-eabi/7.3.1/thumb/v6-m/crtend.o
LOAD /opt/st/stm32cubeide_1.3.0/plugins/com.st.stm32cube.ide.mcu.externaltools.gnu-tools-for-stm32.7-2018-q2-update.linux64_1.0.0.201904181610/tools/bin/../lib/gcc/arm-none-eabi/7.3.1/thumb/v6-m/crtn.o
                0x0000000020005000                _estack = (ORIGIN (RAM) + LENGTH (RAM))
                0x0000000000000200                _Min_Heap_Size = 0x200
                0x0000000000000400                _Min_Stack_Size = 0x400

.isr_vector     0x0000000008000000       0xc0
                0x0000000008000000                . = ALIGN (0x4)
 *(.isr_vector)
 .isr_vector    0x0000000008000000       0xc0 Core/Startup/startup_stm32l010rbtx.o
                0x0000000008000000                g_pfnVectors
                0x00000000080000c0                . = ALIGN (0x4)

.text           0x00000000080000c0     0x38a8
                0x00000000080000c0                . = ALIGN (0x4)
 *(.text)
 .text          0x00000000080000c0       0x48 /opt/st/stm32cubeide_1.3.0/plugins/com.st.stm32cube.ide.mcu.externaltools.gnu-tools-for-stm32.7-2018-q2-update.linux64_1.0.0.201904181610/tools/bin/../lib/gcc/arm-none-eabi/7.3.1/thumb/v6-m/crtbegin.o
 .text          0x0000000008000108      0x114 /opt/st/stm32cubeide_1.3.0/plugins/com.st.stm32cube.ide.mcu.externaltools.gnu-tools-for-stm32.7-2018-q2-update.linux64_1.0.0.201904181610/tools/bin/../lib/gcc/arm-none-eabi/7.3.1/thumb/v6-m/libgcc.a(_udivsi3.o)
                0x0000000008000108                __udivsi3
                0x0000000008000108                __aeabi_uidiv
                0x0000000008000214                __aeabi_uidivmod
 .text          0x000000000800021c        0x4 /opt/st/stm32cubeide_1.3.0/plugins/com.st.stm32cube.ide.mcu.externaltools.gnu-tools-for-stm32.7-2018-q2-update.linux64_1.0.0.201904181610/tools/bin/../lib/gcc/arm-none-eabi/7.3.1/thumb/v6-m/libgcc.a(_dvmd_tls.o)
                0x000000000800021c                __aeabi_ldiv0
                0x000000000800021c                __aeabi_idiv0
 .text          0x0000000008000220      0x224 /opt/st/stm32cubeide_1.3.0/plugins/com.st.stm32cube.ide.mcu.externaltools.gnu-tools-for-stm32.7-2018-q2-update.linux64_1.0.0.201904181610/tools/bin/../lib/gcc/arm-none-eabi/7.3.1/thumb/v6-m/libgcc.a(divsf3.o)
                0x0000000008000220                __aeabi_fdiv
 .text          0x0000000008000444      0x638 /opt/st/stm32cubeide_1.3.0/plugins/com.st.stm32cube.ide.mcu.externaltools.gnu-tools-for-stm32.7-2018-q2-update.linux64_1.0.0.201904181610/tools/bin/../lib/gcc/arm-none-eabi/7.3.1/thumb/v6-m/libgcc.a(adddf3.o)
                0x0000000008000444                __aeabi_dadd
 .text          0x0000000008000a7c      0x604 /opt/st/stm32cubeide_1.3.0/plugins/com.st.stm32cube.ide.mcu.externaltools.gnu-tools-for-stm32.7-2018-q2-update.linux64_1.0.0.201904181610/tools/bin/../lib/gcc/arm-none-eabi/7.3.1/thumb/v6-m/libgcc.a(divdf3.o)
                0x0000000008000a7c                __aeabi_ddiv
 .text          0x0000000008001080       0x74 /opt/st/stm32cubeide_1.3.0/plugins/com.st.stm32cube.ide.mcu.externaltools.gnu-tools-for-stm32.7-2018-q2-update.linux64_1.0.0.201904181610/tools/bin/../lib/gcc/arm-none-eabi/7.3.1/thumb/v6-m/libgcc.a(floatsidf.o)
                0x0000000008001080                __aeabi_i2d
 .text          0x00000000080010f4       0xa4 /opt/st/stm32cubeide_1.3.0/plugins/com.st.stm32cube.ide.mcu.externaltools.gnu-tools-for-stm32.7-2018-q2-update.linux64_1.0.0.201904181610/tools/bin/../lib/gcc/arm-none-eabi/7.3.1/thumb/v6-m/libgcc.a(extendsfdf2.o)
                0x00000000080010f4                __aeabi_f2d
 .text          0x0000000008001198      0x108 /opt/st/stm32cubeide_1.3.0/plugins/com.st.stm32cube.ide.mcu.externaltools.gnu-tools-for-stm32.7-2018-q2-update.linux64_1.0.0.201904181610/tools/bin/../lib/gcc/arm-none-eabi/7.3.1/thumb/v6-m/libgcc.a(truncdfsf2.o)
                0x0000000008001198                __aeabi_d2f
 .text          0x00000000080012a0       0x3c /opt/st/stm32cubeide_1.3.0/plugins/com.st.stm32cube.ide.mcu.externaltools.gnu-tools-for-stm32.7-2018-q2-update.linux64_1.0.0.201904181610/tools/bin/../lib/gcc/arm-none-eabi/7.3.1/thumb/v6-m/libgcc.a(_clzsi2.o)
                0x00000000080012a0                __clzsi2
 *(.text*)
 .text.main     0x00000000080012dc       0x30 Core/Src/main.o
                0x00000000080012dc                main
 .text.MPU6050Init
                0x000000000800130c       0xb4 Core/Src/main.o
                0x000000000800130c                MPU6050Init
 .text.AccRead  0x00000000080013c0      0x1a0 Core/Src/main.o
                0x00000000080013c0                AccRead
 .text.GyroRead
                0x0000000008001560      0x1a0 Core/Src/main.o
                0x0000000008001560                GyroRead
 .text.EnterLPowMode
                0x0000000008001700       0x54 Core/Src/main.o
                0x0000000008001700                EnterLPowMode
 .text.ExitLPowMode
                0x0000000008001754       0x48 Core/Src/main.o
                0x0000000008001754                ExitLPowMode
 .text.SystemClock_Config
                0x000000000800179c       0xe4 Core/Src/main.o
                0x000000000800179c                SystemClock_Config
 .text.MX_I2C1_Init
                0x0000000008001880       0x80 Core/Src/main.o
 .text.MX_GPIO_Init
                0x0000000008001900       0x44 Core/Src/main.o
 .text.Error_Handler
                0x0000000008001944        0xa Core/Src/main.o
                0x0000000008001944                Error_Handler
 *fill*         0x000000000800194e        0x2 
 .text.HAL_MspInit
                0x0000000008001950       0x28 Core/Src/stm32l0xx_hal_msp.o
                0x0000000008001950                HAL_MspInit
 .text.HAL_I2C_MspInit
                0x0000000008001978       0x88 Core/Src/stm32l0xx_hal_msp.o
                0x0000000008001978                HAL_I2C_MspInit
 .text.NMI_Handler
                0x0000000008001a00        0xa Core/Src/stm32l0xx_it.o
                0x0000000008001a00                NMI_Handler
 .text.HardFault_Handler
                0x0000000008001a0a        0x6 Core/Src/stm32l0xx_it.o
                0x0000000008001a0a                HardFault_Handler
 .text.SVC_Handler
                0x0000000008001a10        0xa Core/Src/stm32l0xx_it.o
                0x0000000008001a10                SVC_Handler
 .text.PendSV_Handler
                0x0000000008001a1a        0xa Core/Src/stm32l0xx_it.o
                0x0000000008001a1a                PendSV_Handler
 .text.SysTick_Handler
                0x0000000008001a24        0xe Core/Src/stm32l0xx_it.o
                0x0000000008001a24                SysTick_Handler
 *fill*         0x0000000008001a32        0x2 
 .text.SystemInit
                0x0000000008001a34       0x7c Core/Src/system_stm32l0xx.o
                0x0000000008001a34                SystemInit
 .text.Reset_Handler
                0x0000000008001ab0       0x80 Core/Startup/startup_stm32l010rbtx.o
                0x0000000008001ab0                Reset_Handler
 .text.Default_Handler
                0x0000000008001b30        0x2 Core/Startup/startup_stm32l010rbtx.o
                0x0000000008001b30                I2C1_IRQHandler
                0x0000000008001b30                SPI1_IRQHandler
                0x0000000008001b30                EXTI2_3_IRQHandler
                0x0000000008001b30                ADC1_IRQHandler
                0x0000000008001b30                RTC_IRQHandler
                0x0000000008001b30                DMA1_Channel4_5_6_7_IRQHandler
                0x0000000008001b30                EXTI4_15_IRQHandler
                0x0000000008001b30                RCC_IRQHandler
                0x0000000008001b30                DMA1_Channel1_IRQHandler
                0x0000000008001b30                Default_Handler
                0x0000000008001b30                TIM22_IRQHandler
                0x0000000008001b30                EXTI0_1_IRQHandler
                0x0000000008001b30                TIM21_IRQHandler
                0x0000000008001b30                WWDG_IRQHandler
                0x0000000008001b30                LPUART1_IRQHandler
                0x0000000008001b30                TIM2_IRQHandler
                0x0000000008001b30                DMA1_Channel2_3_IRQHandler
                0x0000000008001b30                USART2_IRQHandler
                0x0000000008001b30                FLASH_IRQHandler
                0x0000000008001b30                LPTIM1_IRQHandler
 *fill*         0x0000000008001b32        0x2 
 .text.HAL_Init
                0x0000000008001b34       0x40 Drivers/STM32L0xx_HAL_Driver/Src/stm32l0xx_hal.o
                0x0000000008001b34                HAL_Init
 .text.HAL_InitTick
                0x0000000008001b74       0x68 Drivers/STM32L0xx_HAL_Driver/Src/stm32l0xx_hal.o
                0x0000000008001b74                HAL_InitTick
 .text.HAL_IncTick
                0x0000000008001bdc       0x24 Drivers/STM32L0xx_HAL_Driver/Src/stm32l0xx_hal.o
                0x0000000008001bdc                HAL_IncTick
 .text.HAL_GetTick
                0x0000000008001c00       0x14 Drivers/STM32L0xx_HAL_Driver/Src/stm32l0xx_hal.o
                0x0000000008001c00                HAL_GetTick
 .text.HAL_Delay
                0x0000000008001c14       0x44 Drivers/STM32L0xx_HAL_Driver/Src/stm32l0xx_hal.o
                0x0000000008001c14                HAL_Delay
 .text.NVIC_SetPriority
                0x0000000008001c58       0xdc Drivers/STM32L0xx_HAL_Driver/Src/stm32l0xx_hal_cortex.o
 .text.SysTick_Config
                0x0000000008001d34       0x48 Drivers/STM32L0xx_HAL_Driver/Src/stm32l0xx_hal_cortex.o
 .text.HAL_NVIC_SetPriority
                0x0000000008001d7c       0x2a Drivers/STM32L0xx_HAL_Driver/Src/stm32l0xx_hal_cortex.o
                0x0000000008001d7c                HAL_NVIC_SetPriority
 .text.HAL_SYSTICK_Config
                0x0000000008001da6       0x1a Drivers/STM32L0xx_HAL_Driver/Src/stm32l0xx_hal_cortex.o
                0x0000000008001da6                HAL_SYSTICK_Config
 .text.HAL_GPIO_Init
                0x0000000008001dc0      0x2fc Drivers/STM32L0xx_HAL_Driver/Src/stm32l0xx_hal_gpio.o
                0x0000000008001dc0                HAL_GPIO_Init
 .text.HAL_I2C_Init
                0x00000000080020bc      0x12c Drivers/STM32L0xx_HAL_Driver/Src/stm32l0xx_hal_i2c.o
                0x00000000080020bc                HAL_I2C_Init
 .text.HAL_I2C_Mem_Write
                0x00000000080021e8      0x25c Drivers/STM32L0xx_HAL_Driver/Src/stm32l0xx_hal_i2c.o
                0x00000000080021e8                HAL_I2C_Mem_Write
 .text.HAL_I2C_Mem_Read
                0x0000000008002444      0x268 Drivers/STM32L0xx_HAL_Driver/Src/stm32l0xx_hal_i2c.o
                0x0000000008002444                HAL_I2C_Mem_Read
 .text.I2C_RequestMemoryWrite
                0x00000000080026ac       0xc8 Drivers/STM32L0xx_HAL_Driver/Src/stm32l0xx_hal_i2c.o
 .text.I2C_RequestMemoryRead
                0x0000000008002774       0xc4 Drivers/STM32L0xx_HAL_Driver/Src/stm32l0xx_hal_i2c.o
 .text.I2C_Flush_TXDR
                0x0000000008002838       0x44 Drivers/STM32L0xx_HAL_Driver/Src/stm32l0xx_hal_i2c.o
 .text.I2C_WaitOnFlagUntilTimeout
                0x000000000800287c       0x7e Drivers/STM32L0xx_HAL_Driver/Src/stm32l0xx_hal_i2c.o
 .text.I2C_WaitOnTXISFlagUntilTimeout
                0x00000000080028fa       0x7e Drivers/STM32L0xx_HAL_Driver/Src/stm32l0xx_hal_i2c.o
 .text.I2C_WaitOnSTOPFlagUntilTimeout
                0x0000000008002978       0x78 Drivers/STM32L0xx_HAL_Driver/Src/stm32l0xx_hal_i2c.o
 .text.I2C_IsAcknowledgeFailed
                0x00000000080029f0       0xcc Drivers/STM32L0xx_HAL_Driver/Src/stm32l0xx_hal_i2c.o
 .text.I2C_TransferConfig
                0x0000000008002abc       0x6c Drivers/STM32L0xx_HAL_Driver/Src/stm32l0xx_hal_i2c.o
 .text.HAL_I2CEx_ConfigAnalogFilter
                0x0000000008002b28       0x98 Drivers/STM32L0xx_HAL_Driver/Src/stm32l0xx_hal_i2c_ex.o
                0x0000000008002b28                HAL_I2CEx_ConfigAnalogFilter
 .text.HAL_I2CEx_ConfigDigitalFilter
                0x0000000008002bc0       0x98 Drivers/STM32L0xx_HAL_Driver/Src/stm32l0xx_hal_i2c_ex.o
                0x0000000008002bc0                HAL_I2CEx_ConfigDigitalFilter
 .text.HAL_RCC_OscConfig
                0x0000000008002c58      0x6f4 Drivers/STM32L0xx_HAL_Driver/Src/stm32l0xx_hal_rcc.o
                0x0000000008002c58                HAL_RCC_OscConfig
 .text.HAL_RCC_ClockConfig
                0x000000000800334c      0x254 Drivers/STM32L0xx_HAL_Driver/Src/stm32l0xx_hal_rcc.o
                0x000000000800334c                HAL_RCC_ClockConfig
 .text.HAL_RCC_GetSysClockFreq
                0x00000000080035a0      0x108 Drivers/STM32L0xx_HAL_Driver/Src/stm32l0xx_hal_rcc.o
                0x00000000080035a0                HAL_RCC_GetSysClockFreq
 .text.HAL_RCCEx_PeriphCLKConfig
                0x00000000080036a8      0x250 Drivers/STM32L0xx_HAL_Driver/Src/stm32l0xx_hal_rcc_ex.o
                0x00000000080036a8                HAL_RCCEx_PeriphCLKConfig
 .text.__libc_init_array
                0x00000000080038f8       0x48 /opt/st/stm32cubeide_1.3.0/plugins/com.st.stm32cube.ide.mcu.externaltools.gnu-tools-for-stm32.7-2018-q2-update.linux64_1.0.0.201904181610/tools/bin/../lib/gcc/arm-none-eabi/7.3.1/../../../../arm-none-eabi/lib/thumb/v6-m/libc_nano.a(lib_a-init.o)
                0x00000000080038f8                __libc_init_array
 .text.memset   0x0000000008003940       0x10 /opt/st/stm32cubeide_1.3.0/plugins/com.st.stm32cube.ide.mcu.externaltools.gnu-tools-for-stm32.7-2018-q2-update.linux64_1.0.0.201904181610/tools/bin/../lib/gcc/arm-none-eabi/7.3.1/../../../../arm-none-eabi/lib/thumb/v6-m/libc_nano.a(lib_a-memset.o)
                0x0000000008003940                memset
 *(.glue_7)
 .glue_7        0x0000000008003950        0x0 linker stubs
 *(.glue_7t)
 .glue_7t       0x0000000008003950        0x0 linker stubs
 *(.eh_frame)
 .eh_frame      0x0000000008003950        0x0 /opt/st/stm32cubeide_1.3.0/plugins/com.st.stm32cube.ide.mcu.externaltools.gnu-tools-for-stm32.7-2018-q2-update.linux64_1.0.0.201904181610/tools/bin/../lib/gcc/arm-none-eabi/7.3.1/thumb/v6-m/crtbegin.o
 *(.init)
 .init          0x0000000008003950        0x4 /opt/st/stm32cubeide_1.3.0/plugins/com.st.stm32cube.ide.mcu.externaltools.gnu-tools-for-stm32.7-2018-q2-update.linux64_1.0.0.201904181610/tools/bin/../lib/gcc/arm-none-eabi/7.3.1/thumb/v6-m/crti.o
                0x0000000008003950                _init
 .init          0x0000000008003954        0x8 /opt/st/stm32cubeide_1.3.0/plugins/com.st.stm32cube.ide.mcu.externaltools.gnu-tools-for-stm32.7-2018-q2-update.linux64_1.0.0.201904181610/tools/bin/../lib/gcc/arm-none-eabi/7.3.1/thumb/v6-m/crtn.o
 *(.fini)
 .fini          0x000000000800395c        0x4 /opt/st/stm32cubeide_1.3.0/plugins/com.st.stm32cube.ide.mcu.externaltools.gnu-tools-for-stm32.7-2018-q2-update.linux64_1.0.0.201904181610/tools/bin/../lib/gcc/arm-none-eabi/7.3.1/thumb/v6-m/crti.o
                0x000000000800395c                _fini
 .fini          0x0000000008003960        0x8 /opt/st/stm32cubeide_1.3.0/plugins/com.st.stm32cube.ide.mcu.externaltools.gnu-tools-for-stm32.7-2018-q2-update.linux64_1.0.0.201904181610/tools/bin/../lib/gcc/arm-none-eabi/7.3.1/thumb/v6-m/crtn.o
                0x0000000008003968                . = ALIGN (0x4)
                0x0000000008003968                _etext = .

.vfp11_veneer   0x0000000008003968        0x0
 .vfp11_veneer  0x0000000008003968        0x0 linker stubs

.v4_bx          0x0000000008003968        0x0
 .v4_bx         0x0000000008003968        0x0 linker stubs

.iplt           0x0000000008003968        0x0
 .iplt          0x0000000008003968        0x0 /opt/st/stm32cubeide_1.3.0/plugins/com.st.stm32cube.ide.mcu.externaltools.gnu-tools-for-stm32.7-2018-q2-update.linux64_1.0.0.201904181610/tools/bin/../lib/gcc/arm-none-eabi/7.3.1/thumb/v6-m/crtbegin.o

.rodata         0x0000000008003968       0xdc
                0x0000000008003968                . = ALIGN (0x4)
 *(.rodata)
 .rodata        0x0000000008003968       0x80 /opt/st/stm32cubeide_1.3.0/plugins/com.st.stm32cube.ide.mcu.externaltools.gnu-tools-for-stm32.7-2018-q2-update.linux64_1.0.0.201904181610/tools/bin/../lib/gcc/arm-none-eabi/7.3.1/thumb/v6-m/libgcc.a(divsf3.o)
 .rodata        0x00000000080039e8       0x40 /opt/st/stm32cubeide_1.3.0/plugins/com.st.stm32cube.ide.mcu.externaltools.gnu-tools-for-stm32.7-2018-q2-update.linux64_1.0.0.201904181610/tools/bin/../lib/gcc/arm-none-eabi/7.3.1/thumb/v6-m/libgcc.a(divdf3.o)
 *(.rodata*)
 .rodata.AHBPrescTable
                0x0000000008003a28       0x10 Core/Src/system_stm32l0xx.o
                0x0000000008003a28                AHBPrescTable
 .rodata.PLLMulTable
                0x0000000008003a38        0x9 Core/Src/system_stm32l0xx.o
                0x0000000008003a38                PLLMulTable
                0x0000000008003a44                . = ALIGN (0x4)
 *fill*         0x0000000008003a41        0x3 

.rel.dyn        0x0000000008003a44        0x0
 .rel.iplt      0x0000000008003a44        0x0 /opt/st/stm32cubeide_1.3.0/plugins/com.st.stm32cube.ide.mcu.externaltools.gnu-tools-for-stm32.7-2018-q2-update.linux64_1.0.0.201904181610/tools/bin/../lib/gcc/arm-none-eabi/7.3.1/thumb/v6-m/crtbegin.o

.ARM.extab      0x0000000008003a44        0x0
                0x0000000008003a44                . = ALIGN (0x4)
 *(.ARM.extab* .gnu.linkonce.armextab.*)
                0x0000000008003a44                . = ALIGN (0x4)

.ARM            0x0000000008003a44        0x0
                0x0000000008003a44                . = ALIGN (0x4)
                0x0000000008003a44                __exidx_start = .
 *(.ARM.exidx*)
                0x0000000008003a44                __exidx_end = .
                0x0000000008003a44                . = ALIGN (0x4)

.preinit_array  0x0000000008003a44        0x0
                0x0000000008003a44                . = ALIGN (0x4)
                0x0000000008003a44                PROVIDE (__preinit_array_start = .)
 *(.preinit_array*)
                0x0000000008003a44                PROVIDE (__preinit_array_end = .)
                0x0000000008003a44                . = ALIGN (0x4)

.init_array     0x0000000008003a44        0x4
                0x0000000008003a44                . = ALIGN (0x4)
                0x0000000008003a44                PROVIDE (__init_array_start = .)
 *(SORT_BY_NAME(.init_array.*))
 *(.init_array*)
 .init_array    0x0000000008003a44        0x4 /opt/st/stm32cubeide_1.3.0/plugins/com.st.stm32cube.ide.mcu.externaltools.gnu-tools-for-stm32.7-2018-q2-update.linux64_1.0.0.201904181610/tools/bin/../lib/gcc/arm-none-eabi/7.3.1/thumb/v6-m/crtbegin.o
                0x0000000008003a48                PROVIDE (__init_array_end = .)
                0x0000000008003a48                . = ALIGN (0x4)

.fini_array     0x0000000008003a48        0x4
                0x0000000008003a48                . = ALIGN (0x4)
                [!provide]                        PROVIDE (__fini_array_start = .)
 *(SORT_BY_NAME(.fini_array.*))
 *(.fini_array*)
 .fini_array    0x0000000008003a48        0x4 /opt/st/stm32cubeide_1.3.0/plugins/com.st.stm32cube.ide.mcu.externaltools.gnu-tools-for-stm32.7-2018-q2-update.linux64_1.0.0.201904181610/tools/bin/../lib/gcc/arm-none-eabi/7.3.1/thumb/v6-m/crtbegin.o
                [!provide]                        PROVIDE (__fini_array_end = .)
                0x0000000008003a4c                . = ALIGN (0x4)
                0x0000000008003a4c                _sidata = LOADADDR (.data)

.data           0x0000000020000000        0xc load address 0x0000000008003a4c
                0x0000000020000000                . = ALIGN (0x4)
                0x0000000020000000                _sdata = .
 *(.data)
 *(.data*)
 .data.SystemCoreClock
                0x0000000020000000        0x4 Core/Src/system_stm32l0xx.o
                0x0000000020000000                SystemCoreClock
 .data.uwTickPrio
                0x0000000020000004        0x4 Drivers/STM32L0xx_HAL_Driver/Src/stm32l0xx_hal.o
                0x0000000020000004                uwTickPrio
 .data.uwTickFreq
                0x0000000020000008        0x1 Drivers/STM32L0xx_HAL_Driver/Src/stm32l0xx_hal.o
                0x0000000020000008                uwTickFreq
                0x000000002000000c                . = ALIGN (0x4)
 *fill*         0x0000000020000009        0x3 
                0x000000002000000c                _edata = .

.igot.plt       0x000000002000000c        0x0 load address 0x0000000008003a58
 .igot.plt      0x000000002000000c        0x0 /opt/st/stm32cubeide_1.3.0/plugins/com.st.stm32cube.ide.mcu.externaltools.gnu-tools-for-stm32.7-2018-q2-update.linux64_1.0.0.201904181610/tools/bin/../lib/gcc/arm-none-eabi/7.3.1/thumb/v6-m/crtbegin.o
                0x000000002000000c                . = ALIGN (0x4)

.bss            0x000000002000000c       0x90 load address 0x0000000008003a58
                0x000000002000000c                _sbss = .
                0x000000002000000c                __bss_start__ = _sbss
 *(.bss)
 .bss           0x000000002000000c       0x1c /opt/st/stm32cubeide_1.3.0/plugins/com.st.stm32cube.ide.mcu.externaltools.gnu-tools-for-stm32.7-2018-q2-update.linux64_1.0.0.201904181610/tools/bin/../lib/gcc/arm-none-eabi/7.3.1/thumb/v6-m/crtbegin.o
 *(.bss*)
 .bss.Accel_X_RAW
                0x0000000020000028        0x2 Core/Src/main.o
                0x0000000020000028                Accel_X_RAW
 .bss.Accel_Y_RAW
                0x000000002000002a        0x2 Core/Src/main.o
                0x000000002000002a                Accel_Y_RAW
 .bss.Accel_Z_RAW
                0x000000002000002c        0x2 Core/Src/main.o
                0x000000002000002c                Accel_Z_RAW
 .bss.Gyro_X_RAW
                0x000000002000002e        0x2 Core/Src/main.o
                0x000000002000002e                Gyro_X_RAW
 .bss.Gyro_Y_RAW
                0x0000000020000030        0x2 Core/Src/main.o
                0x0000000020000030                Gyro_Y_RAW
 .bss.Gyro_Z_RAW
                0x0000000020000032        0x2 Core/Src/main.o
                0x0000000020000032                Gyro_Z_RAW
 *(COMMON)
 COMMON         0x0000000020000034       0x64 Core/Src/main.o
                0x0000000020000034                Gx
                0x0000000020000038                hi2c1
                0x0000000020000084                Ay
                0x0000000020000088                Gy
                0x000000002000008c                Ax
                0x0000000020000090                Az
                0x0000000020000094                Gz
 COMMON         0x0000000020000098        0x4 Drivers/STM32L0xx_HAL_Driver/Src/stm32l0xx_hal.o
                0x0000000020000098                uwTick
                0x000000002000009c                . = ALIGN (0x4)
                0x000000002000009c                _ebss = .
                0x000000002000009c                __bss_end__ = _ebss

._user_heap_stack
                0x000000002000009c      0x604 load address 0x0000000008003a58
                0x00000000200000a0                . = ALIGN (0x8)
 *fill*         0x000000002000009c        0x4 
                0x00000000200000a0                PROVIDE (end = .)
                [!provide]                        PROVIDE (_end = .)
                0x00000000200002a0                . = (. + _Min_Heap_Size)
 *fill*         0x00000000200000a0      0x200 
                0x00000000200006a0                . = (. + _Min_Stack_Size)
 *fill*         0x00000000200002a0      0x400 
                0x00000000200006a0                . = ALIGN (0x8)

/DISCARD/
 libc.a(*)
 libm.a(*)
 libgcc.a(*)

.ARM.attributes
                0x0000000000000000       0x28
 *(.ARM.attributes)
 .ARM.attributes
                0x0000000000000000       0x1e /opt/st/stm32cubeide_1.3.0/plugins/com.st.stm32cube.ide.mcu.externaltools.gnu-tools-for-stm32.7-2018-q2-update.linux64_1.0.0.201904181610/tools/bin/../lib/gcc/arm-none-eabi/7.3.1/thumb/v6-m/crti.o
 .ARM.attributes
                0x000000000000001e       0x2c /opt/st/stm32cubeide_1.3.0/plugins/com.st.stm32cube.ide.mcu.externaltools.gnu-tools-for-stm32.7-2018-q2-update.linux64_1.0.0.201904181610/tools/bin/../lib/gcc/arm-none-eabi/7.3.1/thumb/v6-m/crtbegin.o
 .ARM.attributes
                0x000000000000004a       0x32 Core/Src/main.o
 .ARM.attributes
                0x000000000000007c       0x32 Core/Src/stm32l0xx_hal_msp.o
 .ARM.attributes
                0x00000000000000ae       0x32 Core/Src/stm32l0xx_it.o
 .ARM.attributes
                0x00000000000000e0       0x32 Core/Src/system_stm32l0xx.o
 .ARM.attributes
                0x0000000000000112       0x22 Core/Startup/startup_stm32l010rbtx.o
 .ARM.attributes
                0x0000000000000134       0x32 Drivers/STM32L0xx_HAL_Driver/Src/stm32l0xx_hal.o
 .ARM.attributes
                0x0000000000000166       0x32 Drivers/STM32L0xx_HAL_Driver/Src/stm32l0xx_hal_cortex.o
 .ARM.attributes
                0x0000000000000198       0x32 Drivers/STM32L0xx_HAL_Driver/Src/stm32l0xx_hal_gpio.o
 .ARM.attributes
                0x00000000000001ca       0x32 Drivers/STM32L0xx_HAL_Driver/Src/stm32l0xx_hal_i2c.o
 .ARM.attributes
                0x00000000000001fc       0x32 Drivers/STM32L0xx_HAL_Driver/Src/stm32l0xx_hal_i2c_ex.o
 .ARM.attributes
                0x000000000000022e       0x32 Drivers/STM32L0xx_HAL_Driver/Src/stm32l0xx_hal_rcc.o
 .ARM.attributes
                0x0000000000000260       0x32 Drivers/STM32L0xx_HAL_Driver/Src/stm32l0xx_hal_rcc_ex.o
 .ARM.attributes
                0x0000000000000292       0x2c /opt/st/stm32cubeide_1.3.0/plugins/com.st.stm32cube.ide.mcu.externaltools.gnu-tools-for-stm32.7-2018-q2-update.linux64_1.0.0.201904181610/tools/bin/../lib/gcc/arm-none-eabi/7.3.1/../../../../arm-none-eabi/lib/thumb/v6-m/libc_nano.a(lib_a-init.o)
 .ARM.attributes
                0x00000000000002be       0x2c /opt/st/stm32cubeide_1.3.0/plugins/com.st.stm32cube.ide.mcu.externaltools.gnu-tools-for-stm32.7-2018-q2-update.linux64_1.0.0.201904181610/tools/bin/../lib/gcc/arm-none-eabi/7.3.1/../../../../arm-none-eabi/lib/thumb/v6-m/libc_nano.a(lib_a-memset.o)
 .ARM.attributes
                0x00000000000002ea       0x1e /opt/st/stm32cubeide_1.3.0/plugins/com.st.stm32cube.ide.mcu.externaltools.gnu-tools-for-stm32.7-2018-q2-update.linux64_1.0.0.201904181610/tools/bin/../lib/gcc/arm-none-eabi/7.3.1/thumb/v6-m/libgcc.a(_udivsi3.o)
 .ARM.attributes
                0x0000000000000308       0x1e /opt/st/stm32cubeide_1.3.0/plugins/com.st.stm32cube.ide.mcu.externaltools.gnu-tools-for-stm32.7-2018-q2-update.linux64_1.0.0.201904181610/tools/bin/../lib/gcc/arm-none-eabi/7.3.1/thumb/v6-m/libgcc.a(_dvmd_tls.o)
 .ARM.attributes
                0x0000000000000326       0x2c /opt/st/stm32cubeide_1.3.0/plugins/com.st.stm32cube.ide.mcu.externaltools.gnu-tools-for-stm32.7-2018-q2-update.linux64_1.0.0.201904181610/tools/bin/../lib/gcc/arm-none-eabi/7.3.1/thumb/v6-m/libgcc.a(divsf3.o)
 .ARM.attributes
                0x0000000000000352       0x2c /opt/st/stm32cubeide_1.3.0/plugins/com.st.stm32cube.ide.mcu.externaltools.gnu-tools-for-stm32.7-2018-q2-update.linux64_1.0.0.201904181610/tools/bin/../lib/gcc/arm-none-eabi/7.3.1/thumb/v6-m/libgcc.a(adddf3.o)
 .ARM.attributes
                0x000000000000037e       0x2c /opt/st/stm32cubeide_1.3.0/plugins/com.st.stm32cube.ide.mcu.externaltools.gnu-tools-for-stm32.7-2018-q2-update.linux64_1.0.0.201904181610/tools/bin/../lib/gcc/arm-none-eabi/7.3.1/thumb/v6-m/libgcc.a(divdf3.o)
 .ARM.attributes
                0x00000000000003aa       0x2c /opt/st/stm32cubeide_1.3.0/plugins/com.st.stm32cube.ide.mcu.externaltools.gnu-tools-for-stm32.7-2018-q2-update.linux64_1.0.0.201904181610/tools/bin/../lib/gcc/arm-none-eabi/7.3.1/thumb/v6-m/libgcc.a(floatsidf.o)
 .ARM.attributes
                0x00000000000003d6       0x2c /opt/st/stm32cubeide_1.3.0/plugins/com.st.stm32cube.ide.mcu.externaltools.gnu-tools-for-stm32.7-2018-q2-update.linux64_1.0.0.201904181610/tools/bin/../lib/gcc/arm-none-eabi/7.3.1/thumb/v6-m/libgcc.a(extendsfdf2.o)
 .ARM.attributes
                0x0000000000000402       0x2c /opt/st/stm32cubeide_1.3.0/plugins/com.st.stm32cube.ide.mcu.externaltools.gnu-tools-for-stm32.7-2018-q2-update.linux64_1.0.0.201904181610/tools/bin/../lib/gcc/arm-none-eabi/7.3.1/thumb/v6-m/libgcc.a(truncdfsf2.o)
 .ARM.attributes
                0x000000000000042e       0x1e /opt/st/stm32cubeide_1.3.0/plugins/com.st.stm32cube.ide.mcu.externaltools.gnu-tools-for-stm32.7-2018-q2-update.linux64_1.0.0.201904181610/tools/bin/../lib/gcc/arm-none-eabi/7.3.1/thumb/v6-m/libgcc.a(_clzsi2.o)
 .ARM.attributes
                0x000000000000044c       0x1e /opt/st/stm32cubeide_1.3.0/plugins/com.st.stm32cube.ide.mcu.externaltools.gnu-tools-for-stm32.7-2018-q2-update.linux64_1.0.0.201904181610/tools/bin/../lib/gcc/arm-none-eabi/7.3.1/thumb/v6-m/crtn.o
OUTPUT(stm32_i2c.elf elf32-littlearm)

.debug_info     0x0000000000000000     0x669c
 .debug_info    0x0000000000000000      0xbf1 Core/Src/main.o
 .debug_info    0x0000000000000bf1      0x913 Core/Src/stm32l0xx_hal_msp.o
 .debug_info    0x0000000000001504      0x1c2 Core/Src/stm32l0xx_it.o
 .debug_info    0x00000000000016c6      0x3d9 Core/Src/system_stm32l0xx.o
 .debug_info    0x0000000000001a9f       0x22 Core/Startup/startup_stm32l010rbtx.o
 .debug_info    0x0000000000001ac1      0x839 Drivers/STM32L0xx_HAL_Driver/Src/stm32l0xx_hal.o
 .debug_info    0x00000000000022fa      0x74c Drivers/STM32L0xx_HAL_Driver/Src/stm32l0xx_hal_cortex.o
 .debug_info    0x0000000000002a46      0x70f Drivers/STM32L0xx_HAL_Driver/Src/stm32l0xx_hal_gpio.o
 .debug_info    0x0000000000003155     0x1fe5 Drivers/STM32L0xx_HAL_Driver/Src/stm32l0xx_hal_i2c.o
 .debug_info    0x000000000000513a      0x743 Drivers/STM32L0xx_HAL_Driver/Src/stm32l0xx_hal_i2c_ex.o
 .debug_info    0x000000000000587d      0x8fd Drivers/STM32L0xx_HAL_Driver/Src/stm32l0xx_hal_rcc.o
 .debug_info    0x000000000000617a      0x522 Drivers/STM32L0xx_HAL_Driver/Src/stm32l0xx_hal_rcc_ex.o

.debug_abbrev   0x0000000000000000     0x1399
 .debug_abbrev  0x0000000000000000      0x22f Core/Src/main.o
 .debug_abbrev  0x000000000000022f      0x18c Core/Src/stm32l0xx_hal_msp.o
 .debug_abbrev  0x00000000000003bb       0xc6 Core/Src/stm32l0xx_it.o
 .debug_abbrev  0x0000000000000481      0x12b Core/Src/system_stm32l0xx.o
 .debug_abbrev  0x00000000000005ac       0x12 Core/Startup/startup_stm32l010rbtx.o
 .debug_abbrev  0x00000000000005be      0x235 Drivers/STM32L0xx_HAL_Driver/Src/stm32l0xx_hal.o
 .debug_abbrev  0x00000000000007f3      0x23c Drivers/STM32L0xx_HAL_Driver/Src/stm32l0xx_hal_cortex.o
 .debug_abbrev  0x0000000000000a2f      0x1c0 Drivers/STM32L0xx_HAL_Driver/Src/stm32l0xx_hal_gpio.o
 .debug_abbrev  0x0000000000000bef      0x239 Drivers/STM32L0xx_HAL_Driver/Src/stm32l0xx_hal_i2c.o
 .debug_abbrev  0x0000000000000e28      0x187 Drivers/STM32L0xx_HAL_Driver/Src/stm32l0xx_hal_i2c_ex.o
 .debug_abbrev  0x0000000000000faf      0x21a Drivers/STM32L0xx_HAL_Driver/Src/stm32l0xx_hal_rcc.o
 .debug_abbrev  0x00000000000011c9      0x1d0 Drivers/STM32L0xx_HAL_Driver/Src/stm32l0xx_hal_rcc_ex.o

.debug_aranges  0x0000000000000000      0x6f0
 .debug_aranges
                0x0000000000000000       0x68 Core/Src/main.o
 .debug_aranges
                0x0000000000000068       0x30 Core/Src/stm32l0xx_hal_msp.o
 .debug_aranges
                0x0000000000000098       0x40 Core/Src/stm32l0xx_it.o
 .debug_aranges
                0x00000000000000d8       0x28 Core/Src/system_stm32l0xx.o
 .debug_aranges
                0x0000000000000100       0x28 Core/Startup/startup_stm32l010rbtx.o
 .debug_aranges
                0x0000000000000128      0x110 Drivers/STM32L0xx_HAL_Driver/Src/stm32l0xx_hal.o
 .debug_aranges
                0x0000000000000238       0xc0 Drivers/STM32L0xx_HAL_Driver/Src/stm32l0xx_hal_cortex.o
 .debug_aranges
                0x00000000000002f8       0x58 Drivers/STM32L0xx_HAL_Driver/Src/stm32l0xx_hal_gpio.o
 .debug_aranges
                0x0000000000000350      0x290 Drivers/STM32L0xx_HAL_Driver/Src/stm32l0xx_hal_i2c.o
 .debug_aranges
                0x00000000000005e0       0x38 Drivers/STM32L0xx_HAL_Driver/Src/stm32l0xx_hal_i2c_ex.o
 .debug_aranges
                0x0000000000000618       0x80 Drivers/STM32L0xx_HAL_Driver/Src/stm32l0xx_hal_rcc.o
 .debug_aranges
                0x0000000000000698       0x58 Drivers/STM32L0xx_HAL_Driver/Src/stm32l0xx_hal_rcc_ex.o

.debug_ranges   0x0000000000000000      0x638
 .debug_ranges  0x0000000000000000       0x58 Core/Src/main.o
 .debug_ranges  0x0000000000000058       0x20 Core/Src/stm32l0xx_hal_msp.o
 .debug_ranges  0x0000000000000078       0x30 Core/Src/stm32l0xx_it.o
 .debug_ranges  0x00000000000000a8       0x18 Core/Src/system_stm32l0xx.o
 .debug_ranges  0x00000000000000c0       0x20 Core/Startup/startup_stm32l010rbtx.o
 .debug_ranges  0x00000000000000e0      0x100 Drivers/STM32L0xx_HAL_Driver/Src/stm32l0xx_hal.o
 .debug_ranges  0x00000000000001e0       0xb0 Drivers/STM32L0xx_HAL_Driver/Src/stm32l0xx_hal_cortex.o
 .debug_ranges  0x0000000000000290       0x48 Drivers/STM32L0xx_HAL_Driver/Src/stm32l0xx_hal_gpio.o
 .debug_ranges  0x00000000000002d8      0x280 Drivers/STM32L0xx_HAL_Driver/Src/stm32l0xx_hal_i2c.o
 .debug_ranges  0x0000000000000558       0x28 Drivers/STM32L0xx_HAL_Driver/Src/stm32l0xx_hal_i2c_ex.o
 .debug_ranges  0x0000000000000580       0x70 Drivers/STM32L0xx_HAL_Driver/Src/stm32l0xx_hal_rcc.o
 .debug_ranges  0x00000000000005f0       0x48 Drivers/STM32L0xx_HAL_Driver/Src/stm32l0xx_hal_rcc_ex.o

.debug_macro    0x0000000000000000     0xf314
 .debug_macro   0x0000000000000000      0x1c9 Core/Src/main.o
 .debug_macro   0x00000000000001c9      0xa48 Core/Src/main.o
 .debug_macro   0x0000000000000c11       0x95 Core/Src/main.o
 .debug_macro   0x0000000000000ca6       0x2e Core/Src/main.o
 .debug_macro   0x0000000000000cd4       0x28 Core/Src/main.o
 .debug_macro   0x0000000000000cfc       0x22 Core/Src/main.o
 .debug_macro   0x0000000000000d1e       0x8e Core/Src/main.o
 .debug_macro   0x0000000000000dac       0x51 Core/Src/main.o
 .debug_macro   0x0000000000000dfd       0xef Core/Src/main.o
 .debug_macro   0x0000000000000eec       0x6a Core/Src/main.o
 .debug_macro   0x0000000000000f56      0x1df Core/Src/main.o
 .debug_macro   0x0000000000001135       0x34 Core/Src/main.o
 .debug_macro   0x0000000000001169       0x26 Core/Src/main.o
 .debug_macro   0x000000000000118f      0x329 Core/Src/main.o
 .debug_macro   0x00000000000014b8     0x7b87 Core/Src/main.o
 .debug_macro   0x000000000000903f       0x3c Core/Src/main.o
 .debug_macro   0x000000000000907b     0x3525 Core/Src/main.o
 .debug_macro   0x000000000000c5a0      0x174 Core/Src/main.o
 .debug_macro   0x000000000000c714       0x5b Core/Src/main.o
 .debug_macro   0x000000000000c76f      0x8a0 Core/Src/main.o
 .debug_macro   0x000000000000d00f      0x500 Core/Src/main.o
 .debug_macro   0x000000000000d50f      0x13f Core/Src/main.o
 .debug_macro   0x000000000000d64e      0x122 Core/Src/main.o
 .debug_macro   0x000000000000d770      0x28e Core/Src/main.o
 .debug_macro   0x000000000000d9fe       0x28 Core/Src/main.o
 .debug_macro   0x000000000000da26      0x129 Core/Src/main.o
 .debug_macro   0x000000000000db4f      0x1c6 Core/Src/main.o
 .debug_macro   0x000000000000dd15      0x22c Core/Src/main.o
 .debug_macro   0x000000000000df41       0x5b Core/Src/main.o
 .debug_macro   0x000000000000df9c       0xa5 Core/Src/main.o
 .debug_macro   0x000000000000e041       0xb0 Core/Src/main.o
 .debug_macro   0x000000000000e0f1       0x16 Core/Src/main.o
 .debug_macro   0x000000000000e107      0x10e Core/Src/main.o
 .debug_macro   0x000000000000e215      0x199 Core/Src/stm32l0xx_hal_msp.o
 .debug_macro   0x000000000000e3ae      0x1a3 Core/Src/stm32l0xx_it.o
 .debug_macro   0x000000000000e551      0x195 Core/Src/system_stm32l0xx.o
 .debug_macro   0x000000000000e6e6      0x1b3 Drivers/STM32L0xx_HAL_Driver/Src/stm32l0xx_hal.o
 .debug_macro   0x000000000000e899      0x18f Drivers/STM32L0xx_HAL_Driver/Src/stm32l0xx_hal_cortex.o
 .debug_macro   0x000000000000ea28      0x1c7 Drivers/STM32L0xx_HAL_Driver/Src/stm32l0xx_hal_gpio.o
 .debug_macro   0x000000000000ebef      0x254 Drivers/STM32L0xx_HAL_Driver/Src/stm32l0xx_hal_i2c.o
 .debug_macro   0x000000000000ee43      0x18f Drivers/STM32L0xx_HAL_Driver/Src/stm32l0xx_hal_i2c_ex.o
 .debug_macro   0x000000000000efd2      0x1b3 Drivers/STM32L0xx_HAL_Driver/Src/stm32l0xx_hal_rcc.o
 .debug_macro   0x000000000000f185      0x18f Drivers/STM32L0xx_HAL_Driver/Src/stm32l0xx_hal_rcc_ex.o

.debug_line     0x0000000000000000     0x66a4
 .debug_line    0x0000000000000000      0x7a4 Core/Src/main.o
 .debug_line    0x00000000000007a4      0x673 Core/Src/stm32l0xx_hal_msp.o
 .debug_line    0x0000000000000e17      0x698 Core/Src/stm32l0xx_it.o
 .debug_line    0x00000000000014af      0x673 Core/Src/system_stm32l0xx.o
 .debug_line    0x0000000000001b22       0x9e Core/Startup/startup_stm32l010rbtx.o
 .debug_line    0x0000000000001bc0      0x88f Drivers/STM32L0xx_HAL_Driver/Src/stm32l0xx_hal.o
 .debug_line    0x000000000000244f      0x80a Drivers/STM32L0xx_HAL_Driver/Src/stm32l0xx_hal_cortex.o
 .debug_line    0x0000000000002c59      0x7e6 Drivers/STM32L0xx_HAL_Driver/Src/stm32l0xx_hal_gpio.o
 .debug_line    0x000000000000343f     0x1a34 Drivers/STM32L0xx_HAL_Driver/Src/stm32l0xx_hal_i2c.o
 .debug_line    0x0000000000004e73      0x762 Drivers/STM32L0xx_HAL_Driver/Src/stm32l0xx_hal_i2c_ex.o
 .debug_line    0x00000000000055d5      0x8ee Drivers/STM32L0xx_HAL_Driver/Src/stm32l0xx_hal_rcc.o
 .debug_line    0x0000000000005ec3      0x7e1 Drivers/STM32L0xx_HAL_Driver/Src/stm32l0xx_hal_rcc_ex.o

.debug_str      0x0000000000000000    0x5beeb
 .debug_str     0x0000000000000000    0x5a239 Core/Src/main.o
                                      0x5a590 (size before relaxing)
 .debug_str     0x000000000005a239       0xbb Core/Src/stm32l0xx_hal_msp.o
                                      0x5a2c1 (size before relaxing)
 .debug_str     0x000000000005a2f4       0x76 Core/Src/stm32l0xx_it.o
                                      0x59d17 (size before relaxing)
 .debug_str     0x000000000005a36a       0xa6 Core/Src/system_stm32l0xx.o
                                      0x59dd5 (size before relaxing)
 .debug_str     0x000000000005a410       0x36 Core/Startup/startup_stm32l010rbtx.o
                                         0x6e (size before relaxing)
 .debug_str     0x000000000005a446      0x50d Drivers/STM32L0xx_HAL_Driver/Src/stm32l0xx_hal.o
                                      0x5a3b7 (size before relaxing)
 .debug_str     0x000000000005a953      0x1da Drivers/STM32L0xx_HAL_Driver/Src/stm32l0xx_hal_cortex.o
                                      0x5a0b5 (size before relaxing)
 .debug_str     0x000000000005ab2d      0x263 Drivers/STM32L0xx_HAL_Driver/Src/stm32l0xx_hal_gpio.o
                                      0x5a085 (size before relaxing)
 .debug_str     0x000000000005ad90      0xd49 Drivers/STM32L0xx_HAL_Driver/Src/stm32l0xx_hal_i2c.o
                                      0x5affb (size before relaxing)
 .debug_str     0x000000000005bad9       0x6a Drivers/STM32L0xx_HAL_Driver/Src/stm32l0xx_hal_i2c_ex.o
                                      0x5a229 (size before relaxing)
 .debug_str     0x000000000005bb43      0x26e Drivers/STM32L0xx_HAL_Driver/Src/stm32l0xx_hal_rcc.o
                                      0x5a206 (size before relaxing)
 .debug_str     0x000000000005bdb1      0x13a Drivers/STM32L0xx_HAL_Driver/Src/stm32l0xx_hal_rcc_ex.o
                                      0x59f93 (size before relaxing)

.comment        0x0000000000000000       0x7b
 .comment       0x0000000000000000       0x7b Core/Src/main.o
                                         0x7c (size before relaxing)
 .comment       0x000000000000007b       0x7c Core/Src/stm32l0xx_hal_msp.o
 .comment       0x000000000000007b       0x7c Core/Src/stm32l0xx_it.o
 .comment       0x000000000000007b       0x7c Core/Src/system_stm32l0xx.o
 .comment       0x000000000000007b       0x7c Drivers/STM32L0xx_HAL_Driver/Src/stm32l0xx_hal.o
 .comment       0x000000000000007b       0x7c Drivers/STM32L0xx_HAL_Driver/Src/stm32l0xx_hal_cortex.o
 .comment       0x000000000000007b       0x7c Drivers/STM32L0xx_HAL_Driver/Src/stm32l0xx_hal_gpio.o
 .comment       0x000000000000007b       0x7c Drivers/STM32L0xx_HAL_Driver/Src/stm32l0xx_hal_i2c.o
 .comment       0x000000000000007b       0x7c Drivers/STM32L0xx_HAL_Driver/Src/stm32l0xx_hal_i2c_ex.o
 .comment       0x000000000000007b       0x7c Drivers/STM32L0xx_HAL_Driver/Src/stm32l0xx_hal_rcc.o
 .comment       0x000000000000007b       0x7c Drivers/STM32L0xx_HAL_Driver/Src/stm32l0xx_hal_rcc_ex.o

.debug_frame    0x0000000000000000     0x18d0
 .debug_frame   0x0000000000000000      0x144 Core/Src/main.o
 .debug_frame   0x0000000000000144       0x6c Core/Src/stm32l0xx_hal_msp.o
 .debug_frame   0x00000000000001b0       0x9c Core/Src/stm32l0xx_it.o
 .debug_frame   0x000000000000024c       0x4c Core/Src/system_stm32l0xx.o
 .debug_frame   0x0000000000000298      0x394 Drivers/STM32L0xx_HAL_Driver/Src/stm32l0xx_hal.o
 .debug_frame   0x000000000000062c      0x2a0 Drivers/STM32L0xx_HAL_Driver/Src/stm32l0xx_hal_cortex.o
 .debug_frame   0x00000000000008cc      0x110 Drivers/STM32L0xx_HAL_Driver/Src/stm32l0xx_hal_gpio.o
 .debug_frame   0x00000000000009dc      0xa20 Drivers/STM32L0xx_HAL_Driver/Src/stm32l0xx_hal_i2c.o
 .debug_frame   0x00000000000013fc       0x90 Drivers/STM32L0xx_HAL_Driver/Src/stm32l0xx_hal_i2c_ex.o
 .debug_frame   0x000000000000148c      0x1a4 Drivers/STM32L0xx_HAL_Driver/Src/stm32l0xx_hal_rcc.o
 .debug_frame   0x0000000000001630       0xfc Drivers/STM32L0xx_HAL_Driver/Src/stm32l0xx_hal_rcc_ex.o
 .debug_frame   0x000000000000172c       0x2c /opt/st/stm32cubeide_1.3.0/plugins/com.st.stm32cube.ide.mcu.externaltools.gnu-tools-for-stm32.7-2018-q2-update.linux64_1.0.0.201904181610/tools/bin/../lib/gcc/arm-none-eabi/7.3.1/../../../../arm-none-eabi/lib/thumb/v6-m/libc_nano.a(lib_a-init.o)
 .debug_frame   0x0000000000001758       0x20 /opt/st/stm32cubeide_1.3.0/plugins/com.st.stm32cube.ide.mcu.externaltools.gnu-tools-for-stm32.7-2018-q2-update.linux64_1.0.0.201904181610/tools/bin/../lib/gcc/arm-none-eabi/7.3.1/../../../../arm-none-eabi/lib/thumb/v6-m/libc_nano.a(lib_a-memset.o)
 .debug_frame   0x0000000000001778       0x20 /opt/st/stm32cubeide_1.3.0/plugins/com.st.stm32cube.ide.mcu.externaltools.gnu-tools-for-stm32.7-2018-q2-update.linux64_1.0.0.201904181610/tools/bin/../lib/gcc/arm-none-eabi/7.3.1/thumb/v6-m/libgcc.a(_udivsi3.o)
 .debug_frame   0x0000000000001798       0x3c /opt/st/stm32cubeide_1.3.0/plugins/com.st.stm32cube.ide.mcu.externaltools.gnu-tools-for-stm32.7-2018-q2-update.linux64_1.0.0.201904181610/tools/bin/../lib/gcc/arm-none-eabi/7.3.1/thumb/v6-m/libgcc.a(divsf3.o)
 .debug_frame   0x00000000000017d4       0x38 /opt/st/stm32cubeide_1.3.0/plugins/com.st.stm32cube.ide.mcu.externaltools.gnu-tools-for-stm32.7-2018-q2-update.linux64_1.0.0.201904181610/tools/bin/../lib/gcc/arm-none-eabi/7.3.1/thumb/v6-m/libgcc.a(adddf3.o)
 .debug_frame   0x000000000000180c       0x3c /opt/st/stm32cubeide_1.3.0/plugins/com.st.stm32cube.ide.mcu.externaltools.gnu-tools-for-stm32.7-2018-q2-update.linux64_1.0.0.201904181610/tools/bin/../lib/gcc/arm-none-eabi/7.3.1/thumb/v6-m/libgcc.a(divdf3.o)
 .debug_frame   0x0000000000001848       0x2c /opt/st/stm32cubeide_1.3.0/plugins/com.st.stm32cube.ide.mcu.externaltools.gnu-tools-for-stm32.7-2018-q2-update.linux64_1.0.0.201904181610/tools/bin/../lib/gcc/arm-none-eabi/7.3.1/thumb/v6-m/libgcc.a(floatsidf.o)
 .debug_frame   0x0000000000001874       0x2c /opt/st/stm32cubeide_1.3.0/plugins/com.st.stm32cube.ide.mcu.externaltools.gnu-tools-for-stm32.7-2018-q2-update.linux64_1.0.0.201904181610/tools/bin/../lib/gcc/arm-none-eabi/7.3.1/thumb/v6-m/libgcc.a(extendsfdf2.o)
 .debug_frame   0x00000000000018a0       0x30 /opt/st/stm32cubeide_1.3.0/plugins/com.st.stm32cube.ide.mcu.externaltools.gnu-tools-for-stm32.7-2018-q2-update.linux64_1.0.0.201904181610/tools/bin/../lib/gcc/arm-none-eabi/7.3.1/thumb/v6-m/libgcc.a(truncdfsf2.o)
